=============== 1. ENVIRONNEMENT ===============
Python 3.14.4
/home/stoni/MexAB_MexR_Analyzer_BETA/venv/bin/python3
matplotlib                3.11.1
numpy                     2.5.2
openbabel                 3.2.1
plip                      3.0.1
PySide6                   6.11.2
PySide6_Addons            6.11.2
PySide6_Essentials        6.11.2
scipy                     1.18.1
shiboken6                 6.11.2
statsmodels               0.14.6
WSL: 0  (1 = WSL)
DISPLAY=:0  WAYLAND_DISPLAY=wayland-0  XDG_SESSION_TYPE=wayland

=============== 2. WIDGETS A RISQUE DANS LE CODE ===============
./gui/viewer_template.py:6:QWebEngineView. Fonctions JS exposées, appelées depuis Python via
./gui/viewer_template.py:103:      new QWebChannel(qt.webChannelTransport, function(channel) {
./gui/main_window.py:17:from PySide6.QtWebChannel import QWebChannel
./gui/main_window.py:22:from PySide6.QtWebEngineWidgets import QWebEngineView
./gui/main_window.py:82:    Objet exposé au JavaScript du visualiseur via QWebChannel. Le JS
./gui/main_window.py:588:    FigureCanvasQTAgg as FigureCanvas
./gui/main_window.py:5282:        self.receptor_viewer = QWebEngineView()
./gui/main_window.py:5297:        self._web_channel = QWebChannel()
./gui/main_window.py:6680:        QWebEngineView (chargement de la page HTML elle-même — pas
./gui/main_window.py:8641:            canvas = FigureCanvas(fig)
./gui/main_window.py:9437:        self.interaction_3d_viewer = QWebEngineView()

=============== 3. OU EST LE MESSAGE 'Création d'un nouvel onglet' ===============
./gui/main_window.py:7819:        gui_debug("Création d'un nouvel onglet")
./gui/main_window.py:7826:        gui_debug("Création d'un nouvel onglet")
./gui/main_window.py:7833:        gui_debug("Création d'un nouvel onglet")

=============== 4. LANCEMENT A : normal + faulthandler ===============
Fatal Python error: Segmentation fault

Current thread 0x00007533f3e58200 [python3] (most recent call first):
  File "/home/stoni/MexAB_MexR_Analyzer_BETA/src/main.py", line 104 in main
  File "/home/stoni/MexAB_MexR_Analyzer_BETA/src/main.py", line 108 in <module>

Current thread's C stack trace (most recent call first):
  Binary file "python3", at _Py_DumpStack+0x4a [0x47728a]
  Binary file "python3" [0x5044d7]
  Binary file "/usr/lib/x86_64-linux-gnu/libc.so.6", at +0x45cb0 [0x7533f3c45cb0]
  Binary file "/home/stoni/MexAB_MexR_Analyzer_BETA/venv/lib/python3.14/site-packages/PySide6/libpyside6.abi3.so.6.11", at +0x3260e [0x7533f29e960e]
  Binary file "/home/stoni/MexAB_MexR_Analyzer_BETA/venv/lib/python3.14/site-packages/PySide6/libpyside6.abi3.so.6.11", at _ZN6PySide20getWrapperForQObjectEP7QObjectP11_typeobject+0x12c [0x7533f29ea31a]
  Binary file "/home/stoni/MexAB_MexR_Analyzer_BETA/venv/lib/python3.14/site-packages/PySide6/QtCore.abi3.so", at +0x1a65e3 [0x7533ee1a65e3]
  Binary file "/home/stoni/MexAB_MexR_Analyzer_BETA/venv/lib/python3.14/site-packages/PySide6/QtCore.abi3.so", at +0x1af9fb [0x7533ee1af9fb]
  Binary file "/home/stoni/MexAB_MexR_Analyzer_BETA/venv/lib/python3.14/site-packages/PySide6/Qt/lib/libQt6Core.so.6", at _ZN23QCoreApplicationPrivate34sendThroughApplicationEventFiltersEP7QObjectP6QEvent+0x8e [0x7533f11899de]
  Binary file "/home/stoni/MexAB_MexR_Analyzer_BETA/venv/lib/python3.14/site-packages/PySide6/Qt/lib/libQt6Widgets.so.6", at _ZN19QApplicationPrivate13notify_helperEP7QObjectP6QEvent+0xae [0x7533ed39573e]
  Binary file "/home/stoni/MexAB_MexR_Analyzer_BETA/venv/lib/python3.14/site-packages/PySide6/QtWidgets.abi3.so", at +0x43b3df [0x7533ede3b3df]
  Binary file "/home/stoni/MexAB_MexR_Analyzer_BETA/venv/lib/python3.14/site-packages/PySide6/Qt/lib/libQt6Core.so.6", at _ZN16QCoreApplication15notifyInternal2EP7QObjectP6QEvent+0x150 [0x7533f1189d90]
  Binary file "/home/stoni/MexAB_MexR_Analyzer_BETA/venv/lib/python3.14/site-packages/PySide6/Qt/lib/libQt6Core.so.6", at _ZN7QObject13doSetPropertyEPKcRK8QVariantPS2_+0x207 [0x7533f11edac7]
  Binary file "/home/stoni/MexAB_MexR_Analyzer_BETA/venv/lib/python3.14/site-packages/PySide6/libpyside6.abi3.so.6.11", at _ZN6PySide20getWrapperForQObjectEP7QObjectP11_typeobject+0xf8 [0x7533f29ea2e6]
  Binary file "/home/stoni/MexAB_MexR_Analyzer_BETA/venv/lib/python3.14/site-packages/PySide6/QtCore.abi3.so", at +0x1a65e3 [0x7533ee1a65e3]
  Binary file "/home/stoni/MexAB_MexR_Analyzer_BETA/venv/lib/python3.14/site-packages/PySide6/QtCore.abi3.so", at +0x1af9fb [0x7533ee1af9fb]
  Binary file "/home/stoni/MexAB_MexR_Analyzer_BETA/venv/lib/python3.14/site-packages/PySide6/Qt/lib/libQt6Core.so.6", at _ZN23QCoreApplicationPrivate34sendThroughApplicationEventFiltersEP7QObjectP6QEvent+0x8e [0x7533f11899de]
  Binary file "/home/stoni/MexAB_MexR_Analyzer_BETA/venv/lib/python3.14/site-packages/PySide6/Qt/lib/libQt6Widgets.so.6", at _ZN19QApplicationPrivate13notify_helperEP7QObjectP6QEvent+0xae [0x7533ed39573e]
  Binary file "/home/stoni/MexAB_MexR_Analyzer_BETA/venv/lib/python3.14/site-packages/PySide6/QtWidgets.abi3.so", at +0x43b3df [0x7533ede3b3df]
  Binary file "/home/stoni/MexAB_MexR_Analyzer_BETA/venv/lib/python3.14/site-packages/PySide6/Qt/lib/libQt6Core.so.6", at _ZN16QCoreApplication15notifyInternal2EP7QObjectP6QEvent+0x150 [0x7533f1189d90]
  Binary file "/home/stoni/MexAB_MexR_Analyzer_BETA/venv/lib/python3.14/site-packages/PySide6/Qt/lib/libQt6Core.so.6", at _ZN14QObjectPrivate16setParent_helperEP7QObject+0x27a [0x7533f11ec9fa]
  Binary file "/home/stoni/MexAB_MexR_Analyzer_BETA/venv/lib/python3.14/site-packages/PySide6/Qt/lib/libQt6Core.so.6", at _ZN7QObjectC1ER14QObjectPrivatePS_+0x15c [0x7533f11ed43c]
  Binary file "/home/stoni/MexAB_MexR_Analyzer_BETA/venv/lib/python3.14/site-packages/PySide6/Qt/lib/libQt6WebEngineCore.so.6", at _ZN23QWebEngineUrlRequestJobC1EPN15QtWebEngineCore27URLRequestCustomJobDelegateE+0x15 [0x7533e5240c15]
  Binary file "/home/stoni/MexAB_MexR_Analyzer_BETA/venv/lib/python3.14/site-packages/PySide6/Qt/lib/libQt6WebEngineCore.so.6", at +0xc8e12e [0x7533e0a8e12e]

Extension modules: shiboken6.Shiboken, PySide6.QtCore, PySide6.QtGui, PySide6.QtWidgets, PySide6.QtWebChannel, PySide6.QtNetwork, PySide6.QtPrintSupport, PySide6.QtWebEngineCore, PySide6.QtWebEngineWidgets, numpy._core._multiarray_umath, numpy.linalg._umath_linalg, numpy.random._common, numpy.random.bit_generator, numpy.random._bounded_integers, numpy.random._pcg64, numpy.random._generator, numpy.random._mt19937, numpy.random._philox, numpy.random._sfc64, numpy.random.mtrand, _cyutility, pandas._libs._cyutility, pandas._libs.tslibs.ccalendar, pandas._libs.tslibs.np_datetime, pandas._libs.tslibs.dtypes, pandas._libs.tslibs.base, pandas._libs.tslibs.nattype, pandas._libs.tslibs.timezones, pandas._libs.properties, pandas._libs.tslibs.fields, pandas._libs.tslibs.timedeltas, pandas._libs.tslibs.tzconversion, pandas._libs.tslibs.timestamps, pandas._libs.tslibs.offsets, pandas._libs.tslibs.strptime, pandas._libs.tslibs.parsing, pandas._libs.tslibs.conversion, pandas._libs.tslibs.period, pandas._libs.tslibs.vectorized, pandas._libs.ops_dispatch, pandas._libs.missing, pandas._libs.hashtable, pandas._libs.algos, pandas._libs.interval, pandas._libs.lib, pandas._libs.ops, pandas._libs.hashing, pandas._libs.arrays, pandas._libs.tslib, pandas._libs.sparse, pandas._libs.internals, pandas._libs.indexing, pandas._libs.index, pandas._libs.writers, pandas._libs.join, pandas._libs.window.aggregations, pandas._libs.window.indexers, pandas._libs.reshape, pandas._libs.groupby, pandas._libs.json, pandas._libs.parsers, pandas._libs.testing, scipy._cyutility, scipy._lib._ccallback_c, scipy.sparse._sparsetools, _csparsetools, scipy.sparse._csparsetools, scipy.spatial._ckdtree, scipy.linalg._fblas, scipy.linalg._flapack, scipy.linalg._batched_linalg, scipy.linalg._cythonized_array_utils, scipy.linalg._solve_toeplitz, scipy.linalg._internal_matfuncs, scipy.linalg._linalg_pythran, scipy.linalg.cython_blas, scipy.linalg.cython_lapack, scipy.linalg._decomp_update, scipy.special._ufuncs_cxx, scipy.special._ellip_harm_2, scipy.special._special_ufuncs, scipy.special._gufuncs, scipy.special._ufuncs, scipy.special._specfun, scipy.special._comb, scipy.spatial._hausdorff, scipy.spatial._distance_wrap, scipy._lib.messagestream, scipy.spatial._qhull, scipy.spatial._voronoi, scipy.spatial.transform._rotation_cy, scipy.spatial.transform._rigid_transform_cy, scipy.sparse.linalg._dsolve._superlu, scipy.sparse.linalg._eigen.arpack._arpacklib, scipy.sparse.linalg._propack, scipy.optimize._group_columns, scipy.optimize._trlib._trlib, scipy.optimize._lbfgsb, _moduleTNC, scipy.optimize._moduleTNC, scipy.optimize._slsqplib, scipy.optimize._minpack, scipy.optimize._lsq.givens_elimination, scipy.optimize._zeros, scipy._lib._uarray._uarray, scipy.linalg._decomp_interpolative, scipy.optimize._bglu_dense, scipy.optimize._lsap, scipy.optimize._direct, scipy.integrate._odepack, scipy.integrate._quadpack, scipy.integrate._vode, scipy.integrate._dop, scipy.interpolate._fitpack, scipy.interpolate._dierckx, scipy.interpolate._ppoly, scipy.interpolate._interpnd, scipy.interpolate._rbfinterp_pythran, scipy.interpolate._rgi_cython, scipy.special.cython_special, scipy.stats._stats, scipy.stats._biasedurn, scipy.stats._levy_stable.levyst, scipy.stats._stats_pythran, scipy.stats._ansari_swilk_statistics, scipy.sparse.csgraph._tools, scipy.sparse.csgraph._shortest_path, scipy.sparse.csgraph._traversal, scipy.sparse.csgraph._min_spanning_tree, scipy.sparse.csgraph._flow, scipy.sparse.csgraph._matching, scipy.sparse.csgraph._reordering, scipy.stats._sobol, scipy.stats._qmc_cy, scipy.stats._rcont.rcont, scipy.stats._qmvnt_cy, scipy.ndimage._nd_image, scipy.ndimage._rank_filter_1d, _ni_label, scipy.ndimage._ni_label, statsmodels.robust._qn, scipy.signal._sigtools, scipy.signal._max_len_seq_inner, scipy.signal._upfirdn_apply, scipy.signal._spline, scipy.signal._sosfilt, scipy.signal._peak_finding_utils, statsmodels.tsa._innovations, statsmodels.nonparametric._smoothers_lowess, statsmodels.nonparametric.linbin, statsmodels.tsa.statespace._smoothers._conventional, statsmodels.tsa.statespace._smoothers._univariate, statsmodels.tsa.statespace._smoothers._univariate_diffuse, statsmodels.tsa.statespace._smoothers._classical, statsmodels.tsa.statespace._smoothers._alternative, statsmodels.tsa.statespace._kalman_smoother, statsmodels.tsa.statespace._filters._conventional, statsmodels.tsa.statespace._filters._univariate, statsmodels.tsa.statespace._filters._univariate_diffuse, statsmodels.tsa.statespace._filters._inversions, statsmodels.tsa.statespace._kalman_filter, statsmodels.tsa.statespace._tools, statsmodels.tsa.statespace._representation, statsmodels.tsa.statespace._initialization, statsmodels.tsa.statespace._simulation_smoother, statsmodels.tsa.statespace._cfa_simulation_smoother, statsmodels.tsa.innovations._arma_innovations, statsmodels.tsa.exponential_smoothing._ets_smooth, scipy.fftpack.convolve, statsmodels.tsa.stl._stl, statsmodels.tsa.holtwinters._exponential_smoothers, statsmodels.tsa.regime_switching._hamilton_filter, statsmodels.tsa.regime_switching._kim_smoother, rdkit.rdBase, rdkit.DataStructs.cDataStructs, rdkit.Chem.rdchem, rdkit.Geometry.rdGeometry, rdkit.Chem.rdinchi, rdkit.Chem.rdCIPLabeler, rdkit.Chem.rdmolfiles, rdkit.Chem.rdmolops, rdkit.Chem.rdMolInterchange, rdkit.Chem.rdCoordGen, rdkit.ForceField.rdForceField, rdkit.Chem.rdChemicalFeatures, rdkit.Chem.rdMolChemicalFeatures, rdkit.Chem.rdDistGeom, rdkit.Chem.rdChemReactions, rdkit.Chem.rdDepictor, rdkit.Chem.rdFingerprintGenerator, rdkit.Chem.rdForceFieldHelpers, rdkit.Chem.rdMolAlign, rdkit.Chem.rdMolDescriptors, rdkit.Chem.rdMolEnumerator, rdkit.Chem.rdMolTransforms, rdkit.Chem.rdPartialCharges, rdkit.Chem.rdqueries, rdkit.Chem.rdReducedGraphs, rdkit.Chem.rdShapeHelpers, rdkit.Chem.rdSLNParse, rdkit.Chem.rdDetermineBonds, rdkit.Chem.Draw.rdMolDraw2D, PIL._imaging, kiwisolver._cext, PySide6.QtSvg (total: 205)
>>> code de sortie A : 139 (139 = segfault, 124 = timeout donc pas de crash)

=============== 5. LANCEMENT B : sans GPU (rendu logiciel) ===============
EGL: Failed to query DRM render node file path. Fallback to /dev/dri/renderD128.
GPUInfo not initialized on GpuInfoUpdate
Fatal Python error: Segmentation fault

Current thread 0x0000757722416200 [python3] (most recent call first):
  File "/home/stoni/MexAB_MexR_Analyzer_BETA/src/main.py", line 104 in main
  File "/home/stoni/MexAB_MexR_Analyzer_BETA/src/main.py", line 108 in <module>

Current thread's C stack trace (most recent call first):
  Binary file "python3", at _Py_DumpStack+0x4a [0x47728a]
  Binary file "python3" [0x5044d7]
  Binary file "/usr/lib/x86_64-linux-gnu/libc.so.6", at +0x45cb0 [0x757722045cb0]
  Binary file "/home/stoni/MexAB_MexR_Analyzer_BETA/venv/lib/python3.14/site-packages/PySide6/libpyside6.abi3.so.6.11", at +0x3260e [0x757721f9c60e]
  Binary file "/home/stoni/MexAB_MexR_Analyzer_BETA/venv/lib/python3.14/site-packages/PySide6/libpyside6.abi3.so.6.11", at _ZN6PySide20getWrapperForQObjectEP7QObjectP11_typeobject+0x12c [0x757721f9d31a]
  Binary file "/home/stoni/MexAB_MexR_Analyzer_BETA/venv/lib/python3.14/site-packages/PySide6/QtCore.abi3.so", at +0x1a65e3 [0x75771c7a65e3]
  Binary file "/home/stoni/MexAB_MexR_Analyzer_BETA/venv/lib/python3.14/site-packages/PySide6/QtCore.abi3.so", at +0x1af9fb [0x75771c7af9fb]
  Binary file "/home/stoni/MexAB_MexR_Analyzer_BETA/venv/lib/python3.14/site-packages/PySide6/Qt/lib/libQt6Core.so.6", at _ZN23QCoreApplicationPrivate34sendThroughApplicationEventFiltersEP7QObjectP6QEvent+0x8e [0x75771f7899de]
  Binary file "/home/stoni/MexAB_MexR_Analyzer_BETA/venv/lib/python3.14/site-packages/PySide6/Qt/lib/libQt6Widgets.so.6", at _ZN19QApplicationPrivate13notify_helperEP7QObjectP6QEvent+0xae [0x75771b99573e]
  Binary file "/home/stoni/MexAB_MexR_Analyzer_BETA/venv/lib/python3.14/site-packages/PySide6/QtWidgets.abi3.so", at +0x43b3df [0x75771c43b3df]
  Binary file "/home/stoni/MexAB_MexR_Analyzer_BETA/venv/lib/python3.14/site-packages/PySide6/Qt/lib/libQt6Core.so.6", at _ZN16QCoreApplication15notifyInternal2EP7QObjectP6QEvent+0x150 [0x75771f789d90]
  Binary file "/home/stoni/MexAB_MexR_Analyzer_BETA/venv/lib/python3.14/site-packages/PySide6/Qt/lib/libQt6Core.so.6", at _ZN7QObject13doSetPropertyEPKcRK8QVariantPS2_+0x207 [0x75771f7edac7]
  Binary file "/home/stoni/MexAB_MexR_Analyzer_BETA/venv/lib/python3.14/site-packages/PySide6/libpyside6.abi3.so.6.11", at _ZN6PySide20getWrapperForQObjectEP7QObjectP11_typeobject+0xf8 [0x757721f9d2e6]
  Binary file "/home/stoni/MexAB_MexR_Analyzer_BETA/venv/lib/python3.14/site-packages/PySide6/QtCore.abi3.so", at +0x1a65e3 [0x75771c7a65e3]
  Binary file "/home/stoni/MexAB_MexR_Analyzer_BETA/venv/lib/python3.14/site-packages/PySide6/QtCore.abi3.so", at +0x1af9fb [0x75771c7af9fb]
  Binary file "/home/stoni/MexAB_MexR_Analyzer_BETA/venv/lib/python3.14/site-packages/PySide6/Qt/lib/libQt6Core.so.6", at _ZN23QCoreApplicationPrivate34sendThroughApplicationEventFiltersEP7QObjectP6QEvent+0x8e [0x75771f7899de]
  Binary file "/home/stoni/MexAB_MexR_Analyzer_BETA/venv/lib/python3.14/site-packages/PySide6/Qt/lib/libQt6Widgets.so.6", at _ZN19QApplicationPrivate13notify_helperEP7QObjectP6QEvent+0xae [0x75771b99573e]
  Binary file "/home/stoni/MexAB_MexR_Analyzer_BETA/venv/lib/python3.14/site-packages/PySide6/QtWidgets.abi3.so", at +0x43b3df [0x75771c43b3df]
  Binary file "/home/stoni/MexAB_MexR_Analyzer_BETA/venv/lib/python3.14/site-packages/PySide6/Qt/lib/libQt6Core.so.6", at _ZN16QCoreApplication15notifyInternal2EP7QObjectP6QEvent+0x150 [0x75771f789d90]
  Binary file "/home/stoni/MexAB_MexR_Analyzer_BETA/venv/lib/python3.14/site-packages/PySide6/Qt/lib/libQt6Core.so.6", at _ZN14QObjectPrivate16setParent_helperEP7QObject+0x27a [0x75771f7ec9fa]
  Binary file "/home/stoni/MexAB_MexR_Analyzer_BETA/venv/lib/python3.14/site-packages/PySide6/Qt/lib/libQt6Core.so.6", at _ZN7QObjectC1ER14QObjectPrivatePS_+0x15c [0x75771f7ed43c]
  Binary file "/home/stoni/MexAB_MexR_Analyzer_BETA/venv/lib/python3.14/site-packages/PySide6/Qt/lib/libQt6WebEngineCore.so.6", at _ZN23QWebEngineUrlRequestJobC1EPN15QtWebEngineCore27URLRequestCustomJobDelegateE+0x15 [0x757713840c15]
  Binary file "/home/stoni/MexAB_MexR_Analyzer_BETA/venv/lib/python3.14/site-packages/PySide6/Qt/lib/libQt6WebEngineCore.so.6", at +0xc8e12e [0x75770f08e12e]

Extension modules: shiboken6.Shiboken, PySide6.QtCore, PySide6.QtGui, PySide6.QtWidgets, PySide6.QtWebChannel, PySide6.QtNetwork, PySide6.QtPrintSupport, PySide6.QtWebEngineCore, PySide6.QtWebEngineWidgets, numpy._core._multiarray_umath, numpy.linalg._umath_linalg, numpy.random._common, numpy.random.bit_generator, numpy.random._bounded_integers, numpy.random._pcg64, numpy.random._generator, numpy.random._mt19937, numpy.random._philox, numpy.random._sfc64, numpy.random.mtrand, _cyutility, pandas._libs._cyutility, pandas._libs.tslibs.ccalendar, pandas._libs.tslibs.np_datetime, pandas._libs.tslibs.dtypes, pandas._libs.tslibs.base, pandas._libs.tslibs.nattype, pandas._libs.tslibs.timezones, pandas._libs.properties, pandas._libs.tslibs.fields, pandas._libs.tslibs.timedeltas, pandas._libs.tslibs.tzconversion, pandas._libs.tslibs.timestamps, pandas._libs.tslibs.offsets, pandas._libs.tslibs.strptime, pandas._libs.tslibs.parsing, pandas._libs.tslibs.conversion, pandas._libs.tslibs.period, pandas._libs.tslibs.vectorized, pandas._libs.ops_dispatch, pandas._libs.missing, pandas._libs.hashtable, pandas._libs.algos, pandas._libs.interval, pandas._libs.lib, pandas._libs.ops, pandas._libs.hashing, pandas._libs.arrays, pandas._libs.tslib, pandas._libs.sparse, pandas._libs.internals, pandas._libs.indexing, pandas._libs.index, pandas._libs.writers, pandas._libs.join, pandas._libs.window.aggregations, pandas._libs.window.indexers, pandas._libs.reshape, pandas._libs.groupby, pandas._libs.json, pandas._libs.parsers, pandas._libs.testing, scipy._cyutility, scipy._lib._ccallback_c, scipy.sparse._sparsetools, _csparsetools, scipy.sparse._csparsetools, scipy.spatial._ckdtree, scipy.linalg._fblas, scipy.linalg._flapack, scipy.linalg._batched_linalg, scipy.linalg._cythonized_array_utils, scipy.linalg._solve_toeplitz, scipy.linalg._internal_matfuncs, scipy.linalg._linalg_pythran, scipy.linalg.cython_blas, scipy.linalg.cython_lapack, scipy.linalg._decomp_update, scipy.special._ufuncs_cxx, scipy.special._ellip_harm_2, scipy.special._special_ufuncs, scipy.special._gufuncs, scipy.special._ufuncs, scipy.special._specfun, scipy.special._comb, scipy.spatial._hausdorff, scipy.spatial._distance_wrap, scipy._lib.messagestream, scipy.spatial._qhull, scipy.spatial._voronoi, scipy.spatial.transform._rotation_cy, scipy.spatial.transform._rigid_transform_cy, scipy.sparse.linalg._dsolve._superlu, scipy.sparse.linalg._eigen.arpack._arpacklib, scipy.sparse.linalg._propack, scipy.optimize._group_columns, scipy.optimize._trlib._trlib, scipy.optimize._lbfgsb, _moduleTNC, scipy.optimize._moduleTNC, scipy.optimize._slsqplib, scipy.optimize._minpack, scipy.optimize._lsq.givens_elimination, scipy.optimize._zeros, scipy._lib._uarray._uarray, scipy.linalg._decomp_interpolative, scipy.optimize._bglu_dense, scipy.optimize._lsap, scipy.optimize._direct, scipy.integrate._odepack, scipy.integrate._quadpack, scipy.integrate._vode, scipy.integrate._dop, scipy.interpolate._fitpack, scipy.interpolate._dierckx, scipy.interpolate._ppoly, scipy.interpolate._interpnd, scipy.interpolate._rbfinterp_pythran, scipy.interpolate._rgi_cython, scipy.special.cython_special, scipy.stats._stats, scipy.stats._biasedurn, scipy.stats._levy_stable.levyst, scipy.stats._stats_pythran, scipy.stats._ansari_swilk_statistics, scipy.sparse.csgraph._tools, scipy.sparse.csgraph._shortest_path, scipy.sparse.csgraph._traversal, scipy.sparse.csgraph._min_spanning_tree, scipy.sparse.csgraph._flow, scipy.sparse.csgraph._matching, scipy.sparse.csgraph._reordering, scipy.stats._sobol, scipy.stats._qmc_cy, scipy.stats._rcont.rcont, scipy.stats._qmvnt_cy, scipy.ndimage._nd_image, scipy.ndimage._rank_filter_1d, _ni_label, scipy.ndimage._ni_label, statsmodels.robust._qn, scipy.signal._sigtools, scipy.signal._max_len_seq_inner, scipy.signal._upfirdn_apply, scipy.signal._spline, scipy.signal._sosfilt, scipy.signal._peak_finding_utils, statsmodels.tsa._innovations, statsmodels.nonparametric._smoothers_lowess, statsmodels.nonparametric.linbin, statsmodels.tsa.statespace._smoothers._conventional, statsmodels.tsa.statespace._smoothers._univariate, statsmodels.tsa.statespace._smoothers._univariate_diffuse, statsmodels.tsa.statespace._smoothers._classical, statsmodels.tsa.statespace._smoothers._alternative, statsmodels.tsa.statespace._kalman_smoother, statsmodels.tsa.statespace._filters._conventional, statsmodels.tsa.statespace._filters._univariate, statsmodels.tsa.statespace._filters._univariate_diffuse, statsmodels.tsa.statespace._filters._inversions, statsmodels.tsa.statespace._kalman_filter, statsmodels.tsa.statespace._tools, statsmodels.tsa.statespace._representation, statsmodels.tsa.statespace._initialization, statsmodels.tsa.statespace._simulation_smoother, statsmodels.tsa.statespace._cfa_simulation_smoother, statsmodels.tsa.innovations._arma_innovations, statsmodels.tsa.exponential_smoothing._ets_smooth, scipy.fftpack.convolve, statsmodels.tsa.stl._stl, statsmodels.tsa.holtwinters._exponential_smoothers, statsmodels.tsa.regime_switching._hamilton_filter, statsmodels.tsa.regime_switching._kim_smoother, rdkit.rdBase, rdkit.DataStructs.cDataStructs, rdkit.Chem.rdchem, rdkit.Geometry.rdGeometry, rdkit.Chem.rdinchi, rdkit.Chem.rdCIPLabeler, rdkit.Chem.rdmolfiles, rdkit.Chem.rdmolops, rdkit.Chem.rdMolInterchange, rdkit.Chem.rdCoordGen, rdkit.ForceField.rdForceField, rdkit.Chem.rdChemicalFeatures, rdkit.Chem.rdMolChemicalFeatures, rdkit.Chem.rdDistGeom, rdkit.Chem.rdChemReactions, rdkit.Chem.rdDepictor, rdkit.Chem.rdFingerprintGenerator, rdkit.Chem.rdForceFieldHelpers, rdkit.Chem.rdMolAlign, rdkit.Chem.rdMolDescriptors, rdkit.Chem.rdMolEnumerator, rdkit.Chem.rdMolTransforms, rdkit.Chem.rdPartialCharges, rdkit.Chem.rdqueries, rdkit.Chem.rdReducedGraphs, rdkit.Chem.rdShapeHelpers, rdkit.Chem.rdSLNParse, rdkit.Chem.rdDetermineBonds, rdkit.Chem.Draw.rdMolDraw2D, PIL._imaging, kiwisolver._cext, PySide6.QtSvg (total: 205)
>>> code de sortie B : 139

=============== 6. LANCEMENT C : sans GPU + sans sandbox Chromium ===============
EGL: Failed to query DRM render node file path. Fallback to /dev/dri/renderD128.
GPUInfo not initialized on GpuInfoUpdate
Fatal Python error: Segmentation fault

Current thread 0x00007797a4caf200 [python3] (most recent call first):
  File "/home/stoni/MexAB_MexR_Analyzer_BETA/src/main.py", line 104 in main
  File "/home/stoni/MexAB_MexR_Analyzer_BETA/src/main.py", line 108 in <module>

Current thread's C stack trace (most recent call first):
  Binary file "python3", at _Py_DumpStack+0x4a [0x47728a]
  Binary file "python3" [0x5044d7]
  Binary file "/usr/lib/x86_64-linux-gnu/libc.so.6", at +0x45cb0 [0x7797a4a45cb0]
  Binary file "/home/stoni/MexAB_MexR_Analyzer_BETA/venv/lib/python3.14/site-packages/PySide6/libpyside6.abi3.so.6.11", at +0x3260e [0x7797a3af360e]
  Binary file "/home/stoni/MexAB_MexR_Analyzer_BETA/venv/lib/python3.14/site-packages/PySide6/libpyside6.abi3.so.6.11", at _ZN6PySide20getWrapperForQObjectEP7QObjectP11_typeobject+0x12c [0x7797a3af431a]
  Binary file "/home/stoni/MexAB_MexR_Analyzer_BETA/venv/lib/python3.14/site-packages/PySide6/QtCore.abi3.so", at +0x1a65e3 [0x77979efa65e3]
  Binary file "/home/stoni/MexAB_MexR_Analyzer_BETA/venv/lib/python3.14/site-packages/PySide6/QtCore.abi3.so", at +0x1af9fb [0x77979efaf9fb]
  Binary file "/home/stoni/MexAB_MexR_Analyzer_BETA/venv/lib/python3.14/site-packages/PySide6/Qt/lib/libQt6Core.so.6", at _ZN23QCoreApplicationPrivate34sendThroughApplicationEventFiltersEP7QObjectP6QEvent+0x8e [0x7797a1f899de]
  Binary file "/home/stoni/MexAB_MexR_Analyzer_BETA/venv/lib/python3.14/site-packages/PySide6/Qt/lib/libQt6Widgets.so.6", at _ZN19QApplicationPrivate13notify_helperEP7QObjectP6QEvent+0xae [0x77979e19573e]
  Binary file "/home/stoni/MexAB_MexR_Analyzer_BETA/venv/lib/python3.14/site-packages/PySide6/QtWidgets.abi3.so", at +0x43b3df [0x77979ec3b3df]
  Binary file "/home/stoni/MexAB_MexR_Analyzer_BETA/venv/lib/python3.14/site-packages/PySide6/Qt/lib/libQt6Core.so.6", at _ZN16QCoreApplication15notifyInternal2EP7QObjectP6QEvent+0x150 [0x7797a1f89d90]
  Binary file "/home/stoni/MexAB_MexR_Analyzer_BETA/venv/lib/python3.14/site-packages/PySide6/Qt/lib/libQt6Core.so.6", at _ZN7QObject13doSetPropertyEPKcRK8QVariantPS2_+0x207 [0x7797a1fedac7]
  Binary file "/home/stoni/MexAB_MexR_Analyzer_BETA/venv/lib/python3.14/site-packages/PySide6/libpyside6.abi3.so.6.11", at _ZN6PySide20getWrapperForQObjectEP7QObjectP11_typeobject+0xf8 [0x7797a3af42e6]
  Binary file "/home/stoni/MexAB_MexR_Analyzer_BETA/venv/lib/python3.14/site-packages/PySide6/QtCore.abi3.so", at +0x1a65e3 [0x77979efa65e3]
  Binary file "/home/stoni/MexAB_MexR_Analyzer_BETA/venv/lib/python3.14/site-packages/PySide6/QtCore.abi3.so", at +0x1af9fb [0x77979efaf9fb]
  Binary file "/home/stoni/MexAB_MexR_Analyzer_BETA/venv/lib/python3.14/site-packages/PySide6/Qt/lib/libQt6Core.so.6", at _ZN23QCoreApplicationPrivate34sendThroughApplicationEventFiltersEP7QObjectP6QEvent+0x8e [0x7797a1f899de]
  Binary file "/home/stoni/MexAB_MexR_Analyzer_BETA/venv/lib/python3.14/site-packages/PySide6/Qt/lib/libQt6Widgets.so.6", at _ZN19QApplicationPrivate13notify_helperEP7QObjectP6QEvent+0xae [0x77979e19573e]
  Binary file "/home/stoni/MexAB_MexR_Analyzer_BETA/venv/lib/python3.14/site-packages/PySide6/QtWidgets.abi3.so", at +0x43b3df [0x77979ec3b3df]
  Binary file "/home/stoni/MexAB_MexR_Analyzer_BETA/venv/lib/python3.14/site-packages/PySide6/Qt/lib/libQt6Core.so.6", at _ZN16QCoreApplication15notifyInternal2EP7QObjectP6QEvent+0x150 [0x7797a1f89d90]
  Binary file "/home/stoni/MexAB_MexR_Analyzer_BETA/venv/lib/python3.14/site-packages/PySide6/Qt/lib/libQt6Core.so.6", at _ZN14QObjectPrivate16setParent_helperEP7QObject+0x27a [0x7797a1fec9fa]
  Binary file "/home/stoni/MexAB_MexR_Analyzer_BETA/venv/lib/python3.14/site-packages/PySide6/Qt/lib/libQt6Core.so.6", at _ZN7QObjectC1ER14QObjectPrivatePS_+0x15c [0x7797a1fed43c]
  Binary file "/home/stoni/MexAB_MexR_Analyzer_BETA/venv/lib/python3.14/site-packages/PySide6/Qt/lib/libQt6WebEngineCore.so.6", at _ZN23QWebEngineUrlRequestJobC1EPN15QtWebEngineCore27URLRequestCustomJobDelegateE+0x15 [0x779796040c15]
  Binary file "/home/stoni/MexAB_MexR_Analyzer_BETA/venv/lib/python3.14/site-packages/PySide6/Qt/lib/libQt6WebEngineCore.so.6", at +0xc8e12e [0x77979188e12e]

Extension modules: shiboken6.Shiboken, PySide6.QtCore, PySide6.QtGui, PySide6.QtWidgets, PySide6.QtWebChannel, PySide6.QtNetwork, PySide6.QtPrintSupport, PySide6.QtWebEngineCore, PySide6.QtWebEngineWidgets, numpy._core._multiarray_umath, numpy.linalg._umath_linalg, numpy.random._common, numpy.random.bit_generator, numpy.random._bounded_integers, numpy.random._pcg64, numpy.random._generator, numpy.random._mt19937, numpy.random._philox, numpy.random._sfc64, numpy.random.mtrand, _cyutility, pandas._libs._cyutility, pandas._libs.tslibs.ccalendar, pandas._libs.tslibs.np_datetime, pandas._libs.tslibs.dtypes, pandas._libs.tslibs.base, pandas._libs.tslibs.nattype, pandas._libs.tslibs.timezones, pandas._libs.properties, pandas._libs.tslibs.fields, pandas._libs.tslibs.timedeltas, pandas._libs.tslibs.tzconversion, pandas._libs.tslibs.timestamps, pandas._libs.tslibs.offsets, pandas._libs.tslibs.strptime, pandas._libs.tslibs.parsing, pandas._libs.tslibs.conversion, pandas._libs.tslibs.period, pandas._libs.tslibs.vectorized, pandas._libs.ops_dispatch, pandas._libs.missing, pandas._libs.hashtable, pandas._libs.algos, pandas._libs.interval, pandas._libs.lib, pandas._libs.ops, pandas._libs.hashing, pandas._libs.arrays, pandas._libs.tslib, pandas._libs.sparse, pandas._libs.internals, pandas._libs.indexing, pandas._libs.index, pandas._libs.writers, pandas._libs.join, pandas._libs.window.aggregations, pandas._libs.window.indexers, pandas._libs.reshape, pandas._libs.groupby, pandas._libs.json, pandas._libs.parsers, pandas._libs.testing, scipy._cyutility, scipy._lib._ccallback_c, scipy.sparse._sparsetools, _csparsetools, scipy.sparse._csparsetools, scipy.spatial._ckdtree, scipy.linalg._fblas, scipy.linalg._flapack, scipy.linalg._batched_linalg, scipy.linalg._cythonized_array_utils, scipy.linalg._solve_toeplitz, scipy.linalg._internal_matfuncs, scipy.linalg._linalg_pythran, scipy.linalg.cython_blas, scipy.linalg.cython_lapack, scipy.linalg._decomp_update, scipy.special._ufuncs_cxx, scipy.special._ellip_harm_2, scipy.special._special_ufuncs, scipy.special._gufuncs, scipy.special._ufuncs, scipy.special._specfun, scipy.special._comb, scipy.spatial._hausdorff, scipy.spatial._distance_wrap, scipy._lib.messagestream, scipy.spatial._qhull, scipy.spatial._voronoi, scipy.spatial.transform._rotation_cy, scipy.spatial.transform._rigid_transform_cy, scipy.sparse.linalg._dsolve._superlu, scipy.sparse.linalg._eigen.arpack._arpacklib, scipy.sparse.linalg._propack, scipy.optimize._group_columns, scipy.optimize._trlib._trlib, scipy.optimize._lbfgsb, _moduleTNC, scipy.optimize._moduleTNC, scipy.optimize._slsqplib, scipy.optimize._minpack, scipy.optimize._lsq.givens_elimination, scipy.optimize._zeros, scipy._lib._uarray._uarray, scipy.linalg._decomp_interpolative, scipy.optimize._bglu_dense, scipy.optimize._lsap, scipy.optimize._direct, scipy.integrate._odepack, scipy.integrate._quadpack, scipy.integrate._vode, scipy.integrate._dop, scipy.interpolate._fitpack, scipy.interpolate._dierckx, scipy.interpolate._ppoly, scipy.interpolate._interpnd, scipy.interpolate._rbfinterp_pythran, scipy.interpolate._rgi_cython, scipy.special.cython_special, scipy.stats._stats, scipy.stats._biasedurn, scipy.stats._levy_stable.levyst, scipy.stats._stats_pythran, scipy.stats._ansari_swilk_statistics, scipy.sparse.csgraph._tools, scipy.sparse.csgraph._shortest_path, scipy.sparse.csgraph._traversal, scipy.sparse.csgraph._min_spanning_tree, scipy.sparse.csgraph._flow, scipy.sparse.csgraph._matching, scipy.sparse.csgraph._reordering, scipy.stats._sobol, scipy.stats._qmc_cy, scipy.stats._rcont.rcont, scipy.stats._qmvnt_cy, scipy.ndimage._nd_image, scipy.ndimage._rank_filter_1d, _ni_label, scipy.ndimage._ni_label, statsmodels.robust._qn, scipy.signal._sigtools, scipy.signal._max_len_seq_inner, scipy.signal._upfirdn_apply, scipy.signal._spline, scipy.signal._sosfilt, scipy.signal._peak_finding_utils, statsmodels.tsa._innovations, statsmodels.nonparametric._smoothers_lowess, statsmodels.nonparametric.linbin, statsmodels.tsa.statespace._smoothers._conventional, statsmodels.tsa.statespace._smoothers._univariate, statsmodels.tsa.statespace._smoothers._univariate_diffuse, statsmodels.tsa.statespace._smoothers._classical, statsmodels.tsa.statespace._smoothers._alternative, statsmodels.tsa.statespace._kalman_smoother, statsmodels.tsa.statespace._filters._conventional, statsmodels.tsa.statespace._filters._univariate, statsmodels.tsa.statespace._filters._univariate_diffuse, statsmodels.tsa.statespace._filters._inversions, statsmodels.tsa.statespace._kalman_filter, statsmodels.tsa.statespace._tools, statsmodels.tsa.statespace._representation, statsmodels.tsa.statespace._initialization, statsmodels.tsa.statespace._simulation_smoother, statsmodels.tsa.statespace._cfa_simulation_smoother, statsmodels.tsa.innovations._arma_innovations, statsmodels.tsa.exponential_smoothing._ets_smooth, scipy.fftpack.convolve, statsmodels.tsa.stl._stl, statsmodels.tsa.holtwinters._exponential_smoothers, statsmodels.tsa.regime_switching._hamilton_filter, statsmodels.tsa.regime_switching._kim_smoother, rdkit.rdBase, rdkit.DataStructs.cDataStructs, rdkit.Chem.rdchem, rdkit.Geometry.rdGeometry, rdkit.Chem.rdinchi, rdkit.Chem.rdCIPLabeler, rdkit.Chem.rdmolfiles, rdkit.Chem.rdmolops, rdkit.Chem.rdMolInterchange, rdkit.Chem.rdCoordGen, rdkit.ForceField.rdForceField, rdkit.Chem.rdChemicalFeatures, rdkit.Chem.rdMolChemicalFeatures, rdkit.Chem.rdDistGeom, rdkit.Chem.rdChemReactions, rdkit.Chem.rdDepictor, rdkit.Chem.rdFingerprintGenerator, rdkit.Chem.rdForceFieldHelpers, rdkit.Chem.rdMolAlign, rdkit.Chem.rdMolDescriptors, rdkit.Chem.rdMolEnumerator, rdkit.Chem.rdMolTransforms, rdkit.Chem.rdPartialCharges, rdkit.Chem.rdqueries, rdkit.Chem.rdReducedGraphs, rdkit.Chem.rdShapeHelpers, rdkit.Chem.rdSLNParse, rdkit.Chem.rdDetermineBonds, rdkit.Chem.Draw.rdMolDraw2D, PIL._imaging, kiwisolver._cext, PySide6.QtSvg (total: 205)
>>> code de sortie C : 139

=============== 7. LANCEMENT D : plateforme Qt forcee en xcb ===============
GPUInfo not initialized on GpuInfoUpdate
Fatal Python error: Segmentation fault

Current thread 0x0000795c6ce1f200 [python3] (most recent call first):
  File "/home/stoni/MexAB_MexR_Analyzer_BETA/src/main.py", line 104 in main
  File "/home/stoni/MexAB_MexR_Analyzer_BETA/src/main.py", line 108 in <module>

Current thread's C stack trace (most recent call first):
  Binary file "python3", at _Py_DumpStack+0x4a [0x47728a]
  Binary file "python3" [0x5044d7]
  Binary file "/usr/lib/x86_64-linux-gnu/libc.so.6", at +0x45cb0 [0x795c6ca45cb0]
  Binary file "/home/stoni/MexAB_MexR_Analyzer_BETA/venv/lib/python3.14/site-packages/PySide6/libpyside6.abi3.so.6.11", at +0x3260e [0x795c6c99c60e]
  Binary file "/home/stoni/MexAB_MexR_Analyzer_BETA/venv/lib/python3.14/site-packages/PySide6/libpyside6.abi3.so.6.11", at _ZN6PySide20getWrapperForQObjectEP7QObjectP11_typeobject+0x12c [0x795c6c99d31a]
  Binary file "/home/stoni/MexAB_MexR_Analyzer_BETA/venv/lib/python3.14/site-packages/PySide6/QtCore.abi3.so", at +0x1a65e3 [0x795c671a65e3]
  Binary file "/home/stoni/MexAB_MexR_Analyzer_BETA/venv/lib/python3.14/site-packages/PySide6/QtCore.abi3.so", at +0x1af9fb [0x795c671af9fb]
  Binary file "/home/stoni/MexAB_MexR_Analyzer_BETA/venv/lib/python3.14/site-packages/PySide6/Qt/lib/libQt6Core.so.6", at _ZN23QCoreApplicationPrivate34sendThroughApplicationEventFiltersEP7QObjectP6QEvent+0x8e [0x795c6a1899de]
  Binary file "/home/stoni/MexAB_MexR_Analyzer_BETA/venv/lib/python3.14/site-packages/PySide6/Qt/lib/libQt6Widgets.so.6", at _ZN19QApplicationPrivate13notify_helperEP7QObjectP6QEvent+0xae [0x795c6639573e]
  Binary file "/home/stoni/MexAB_MexR_Analyzer_BETA/venv/lib/python3.14/site-packages/PySide6/QtWidgets.abi3.so", at +0x43b3df [0x795c66e3b3df]
  Binary file "/home/stoni/MexAB_MexR_Analyzer_BETA/venv/lib/python3.14/site-packages/PySide6/Qt/lib/libQt6Core.so.6", at _ZN16QCoreApplication15notifyInternal2EP7QObjectP6QEvent+0x150 [0x795c6a189d90]
  Binary file "/home/stoni/MexAB_MexR_Analyzer_BETA/venv/lib/python3.14/site-packages/PySide6/Qt/lib/libQt6Core.so.6", at _ZN7QObject13doSetPropertyEPKcRK8QVariantPS2_+0x207 [0x795c6a1edac7]
  Binary file "/home/stoni/MexAB_MexR_Analyzer_BETA/venv/lib/python3.14/site-packages/PySide6/libpyside6.abi3.so.6.11", at _ZN6PySide20getWrapperForQObjectEP7QObjectP11_typeobject+0xf8 [0x795c6c99d2e6]
  Binary file "/home/stoni/MexAB_MexR_Analyzer_BETA/venv/lib/python3.14/site-packages/PySide6/QtCore.abi3.so", at +0x1a65e3 [0x795c671a65e3]
  Binary file "/home/stoni/MexAB_MexR_Analyzer_BETA/venv/lib/python3.14/site-packages/PySide6/QtCore.abi3.so", at +0x1af9fb [0x795c671af9fb]
  Binary file "/home/stoni/MexAB_MexR_Analyzer_BETA/venv/lib/python3.14/site-packages/PySide6/Qt/lib/libQt6Core.so.6", at _ZN23QCoreApplicationPrivate34sendThroughApplicationEventFiltersEP7QObjectP6QEvent+0x8e [0x795c6a1899de]
  Binary file "/home/stoni/MexAB_MexR_Analyzer_BETA/venv/lib/python3.14/site-packages/PySide6/Qt/lib/libQt6Widgets.so.6", at _ZN19QApplicationPrivate13notify_helperEP7QObjectP6QEvent+0xae [0x795c6639573e]
  Binary file "/home/stoni/MexAB_MexR_Analyzer_BETA/venv/lib/python3.14/site-packages/PySide6/QtWidgets.abi3.so", at +0x43b3df [0x795c66e3b3df]
  Binary file "/home/stoni/MexAB_MexR_Analyzer_BETA/venv/lib/python3.14/site-packages/PySide6/Qt/lib/libQt6Core.so.6", at _ZN16QCoreApplication15notifyInternal2EP7QObjectP6QEvent+0x150 [0x795c6a189d90]
  Binary file "/home/stoni/MexAB_MexR_Analyzer_BETA/venv/lib/python3.14/site-packages/PySide6/Qt/lib/libQt6Core.so.6", at _ZN14QObjectPrivate16setParent_helperEP7QObject+0x27a [0x795c6a1ec9fa]
  Binary file "/home/stoni/MexAB_MexR_Analyzer_BETA/venv/lib/python3.14/site-packages/PySide6/Qt/lib/libQt6Core.so.6", at _ZN7QObjectC1ER14QObjectPrivatePS_+0x15c [0x795c6a1ed43c]
  Binary file "/home/stoni/MexAB_MexR_Analyzer_BETA/venv/lib/python3.14/site-packages/PySide6/Qt/lib/libQt6WebEngineCore.so.6", at _ZN23QWebEngineUrlRequestJobC1EPN15QtWebEngineCore27URLRequestCustomJobDelegateE+0x15 [0x795c5e240c15]
  Binary file "/home/stoni/MexAB_MexR_Analyzer_BETA/venv/lib/python3.14/site-packages/PySide6/Qt/lib/libQt6WebEngineCore.so.6", at +0xc8e12e [0x795c59a8e12e]

Extension modules: shiboken6.Shiboken, PySide6.QtCore, PySide6.QtGui, PySide6.QtWidgets, PySide6.QtWebChannel, PySide6.QtNetwork, PySide6.QtPrintSupport, PySide6.QtWebEngineCore, PySide6.QtWebEngineWidgets, numpy._core._multiarray_umath, numpy.linalg._umath_linalg, numpy.random._common, numpy.random.bit_generator, numpy.random._bounded_integers, numpy.random._pcg64, numpy.random._generator, numpy.random._mt19937, numpy.random._philox, numpy.random._sfc64, numpy.random.mtrand, _cyutility, pandas._libs._cyutility, pandas._libs.tslibs.ccalendar, pandas._libs.tslibs.np_datetime, pandas._libs.tslibs.dtypes, pandas._libs.tslibs.base, pandas._libs.tslibs.nattype, pandas._libs.tslibs.timezones, pandas._libs.properties, pandas._libs.tslibs.fields, pandas._libs.tslibs.timedeltas, pandas._libs.tslibs.tzconversion, pandas._libs.tslibs.timestamps, pandas._libs.tslibs.offsets, pandas._libs.tslibs.strptime, pandas._libs.tslibs.parsing, pandas._libs.tslibs.conversion, pandas._libs.tslibs.period, pandas._libs.tslibs.vectorized, pandas._libs.ops_dispatch, pandas._libs.missing, pandas._libs.hashtable, pandas._libs.algos, pandas._libs.interval, pandas._libs.lib, pandas._libs.ops, pandas._libs.hashing, pandas._libs.arrays, pandas._libs.tslib, pandas._libs.sparse, pandas._libs.internals, pandas._libs.indexing, pandas._libs.index, pandas._libs.writers, pandas._libs.join, pandas._libs.window.aggregations, pandas._libs.window.indexers, pandas._libs.reshape, pandas._libs.groupby, pandas._libs.json, pandas._libs.parsers, pandas._libs.testing, scipy._cyutility, scipy._lib._ccallback_c, scipy.sparse._sparsetools, _csparsetools, scipy.sparse._csparsetools, scipy.spatial._ckdtree, scipy.linalg._fblas, scipy.linalg._flapack, scipy.linalg._batched_linalg, scipy.linalg._cythonized_array_utils, scipy.linalg._solve_toeplitz, scipy.linalg._internal_matfuncs, scipy.linalg._linalg_pythran, scipy.linalg.cython_blas, scipy.linalg.cython_lapack, scipy.linalg._decomp_update, scipy.special._ufuncs_cxx, scipy.special._ellip_harm_2, scipy.special._special_ufuncs, scipy.special._gufuncs, scipy.special._ufuncs, scipy.special._specfun, scipy.special._comb, scipy.spatial._hausdorff, scipy.spatial._distance_wrap, scipy._lib.messagestream, scipy.spatial._qhull, scipy.spatial._voronoi, scipy.spatial.transform._rotation_cy, scipy.spatial.transform._rigid_transform_cy, scipy.sparse.linalg._dsolve._superlu, scipy.sparse.linalg._eigen.arpack._arpacklib, scipy.sparse.linalg._propack, scipy.optimize._group_columns, scipy.optimize._trlib._trlib, scipy.optimize._lbfgsb, _moduleTNC, scipy.optimize._moduleTNC, scipy.optimize._slsqplib, scipy.optimize._minpack, scipy.optimize._lsq.givens_elimination, scipy.optimize._zeros, scipy._lib._uarray._uarray, scipy.linalg._decomp_interpolative, scipy.optimize._bglu_dense, scipy.optimize._lsap, scipy.optimize._direct, scipy.integrate._odepack, scipy.integrate._quadpack, scipy.integrate._vode, scipy.integrate._dop, scipy.interpolate._fitpack, scipy.interpolate._dierckx, scipy.interpolate._ppoly, scipy.interpolate._interpnd, scipy.interpolate._rbfinterp_pythran, scipy.interpolate._rgi_cython, scipy.special.cython_special, scipy.stats._stats, scipy.stats._biasedurn, scipy.stats._levy_stable.levyst, scipy.stats._stats_pythran, scipy.stats._ansari_swilk_statistics, scipy.sparse.csgraph._tools, scipy.sparse.csgraph._shortest_path, scipy.sparse.csgraph._traversal, scipy.sparse.csgraph._min_spanning_tree, scipy.sparse.csgraph._flow, scipy.sparse.csgraph._matching, scipy.sparse.csgraph._reordering, scipy.stats._sobol, scipy.stats._qmc_cy, scipy.stats._rcont.rcont, scipy.stats._qmvnt_cy, scipy.ndimage._nd_image, scipy.ndimage._rank_filter_1d, _ni_label, scipy.ndimage._ni_label, statsmodels.robust._qn, scipy.signal._sigtools, scipy.signal._max_len_seq_inner, scipy.signal._upfirdn_apply, scipy.signal._spline, scipy.signal._sosfilt, scipy.signal._peak_finding_utils, statsmodels.tsa._innovations, statsmodels.nonparametric._smoothers_lowess, statsmodels.nonparametric.linbin, statsmodels.tsa.statespace._smoothers._conventional, statsmodels.tsa.statespace._smoothers._univariate, statsmodels.tsa.statespace._smoothers._univariate_diffuse, statsmodels.tsa.statespace._smoothers._classical, statsmodels.tsa.statespace._smoothers._alternative, statsmodels.tsa.statespace._kalman_smoother, statsmodels.tsa.statespace._filters._conventional, statsmodels.tsa.statespace._filters._univariate, statsmodels.tsa.statespace._filters._univariate_diffuse, statsmodels.tsa.statespace._filters._inversions, statsmodels.tsa.statespace._kalman_filter, statsmodels.tsa.statespace._tools, statsmodels.tsa.statespace._representation, statsmodels.tsa.statespace._initialization, statsmodels.tsa.statespace._simulation_smoother, statsmodels.tsa.statespace._cfa_simulation_smoother, statsmodels.tsa.innovations._arma_innovations, statsmodels.tsa.exponential_smoothing._ets_smooth, scipy.fftpack.convolve, statsmodels.tsa.stl._stl, statsmodels.tsa.holtwinters._exponential_smoothers, statsmodels.tsa.regime_switching._hamilton_filter, statsmodels.tsa.regime_switching._kim_smoother, rdkit.rdBase, rdkit.DataStructs.cDataStructs, rdkit.Chem.rdchem, rdkit.Geometry.rdGeometry, rdkit.Chem.rdinchi, rdkit.Chem.rdCIPLabeler, rdkit.Chem.rdmolfiles, rdkit.Chem.rdmolops, rdkit.Chem.rdMolInterchange, rdkit.Chem.rdCoordGen, rdkit.ForceField.rdForceField, rdkit.Chem.rdChemicalFeatures, rdkit.Chem.rdMolChemicalFeatures, rdkit.Chem.rdDistGeom, rdkit.Chem.rdChemReactions, rdkit.Chem.rdDepictor, rdkit.Chem.rdFingerprintGenerator, rdkit.Chem.rdForceFieldHelpers, rdkit.Chem.rdMolAlign, rdkit.Chem.rdMolDescriptors, rdkit.Chem.rdMolEnumerator, rdkit.Chem.rdMolTransforms, rdkit.Chem.rdPartialCharges, rdkit.Chem.rdqueries, rdkit.Chem.rdReducedGraphs, rdkit.Chem.rdShapeHelpers, rdkit.Chem.rdSLNParse, rdkit.Chem.rdDetermineBonds, rdkit.Chem.Draw.rdMolDraw2D, PIL._imaging, kiwisolver._cext, PySide6.QtSvg (total: 205)
>>> code de sortie D : 139
